--- usage ---

usbget 0.1.2

 usage: usbget [options] [command ... ] 

   Options:
     -d device_name             USB device type
        Valid device names:
          redbear_duo
          arduino_pro
          arduino_nano
          arduino_nano_clone
          arduino_micro
     -v                         Enable debug output
     -?                         Print usage

   Commands:
     -u                         List USB devices
     -i request                 Query infos
     -i ALL                     Query all infos
     -l                         List supported actions
     -q action [-p param ... ]  Query action
     -s action [-p param ... ]  Set action
     -c action                  Query action config

   In case no command is specified all supported actions are queried.

--- arduino_nano list ---
No suitable USB device found.
--- arduino_pro list ---
No suitable USB device found.
--- redbear_duo list ---
TPMS
OIL
RGB
WS2801
--- info ---
VERSION=*.*.*
SIMULATE=false
--- config ---
FL=80EACA100326
FR=81EACA2002C0
RL=82EACA300633
RR=83EACA400619
LEDS=*
R=*
G=*
B=*
--- query ---
FL: *.* *.* FR: *.* *.* RL: *.* *.* RR: *.* *.*
oiltemp: *.* oilpress: *.*
--- query multiple ---
FL: *.* *.* FR: *.* *.* RL: *.* *.* RR: *.* *.*
oiltemp: *.* oilpress: *.*
--- set ---
--- set max parameters ---
Error from USB device: Unknown action request.
--- negative tests ---
--- wrong device ---
No device info for device named: arduino_bla
--- wrong action ---
Error from USB device: Unknown action request.
--- wrong info request ---
Error from USB device: Unknown info request.
--- to many parameters ---
To many parameters: 11
--- long device name ---
No device info for device named: redbear_duo_redbear
--- long action name ---
Error from USB device: Unknown action request.
Initializing libusb.
Searching for USB device: [vendor=0x2b04,product=0xc058]
Opening USB device.
Claiming USB interface.
USB interface(s) claimed.
USB device opened.
DrainInput 0 chars rc=-7: 
queryAction()
USB Send (21) : QBLABLA7890BLABLA789
USB Send (2) : .
usbGetChar 26 chars rc=0: 47 85 110 107 110 111 119 110 32 97 99 116 105 111 110 32 114 101 113 117 101 115 116 46 13 10 
USB Recv: cmd=/ 'Unknown action request.'
USB device closed.
--- long parameter key ---
Error from USB device: Parameter key to long.
